INFO 2026-04-04 18:30:38,257 autoreload 20840 13172 Watching for file changes with StatReloader
WARNING 2026-04-04 18:39:48,048 log 20840 12068 Unauthorized: /api/notifications/
WARNING 2026-04-04 18:39:48,050 basehttp 20840 12068 "GET /api/notifications/ HTTP/1.1" 401 38
WARNING 2026-04-04 18:40:27,672 log 20840 12068 Unauthorized: /api/notifications/
WARNING 2026-04-04 18:40:27,672 basehttp 20840 12068 "GET /api/notifications/ HTTP/1.1" 401 38
WARNING 2026-04-04 18:43:17,458 log 20840 13612 Unauthorized: /api/notifications/
WARNING 2026-04-04 18:43:17,458 basehttp 20840 13612 "POST /api/notifications/ HTTP/1.1" 401 38
INFO 2026-04-04 20:45:18,692 autoreload 24072 28988 Watching for file changes with StatReloader
INFO 2026-04-04 21:01:45,352 basehttp 24072 31972 "POST /api/notifications/ HTTP/1.1" 201 212
INFO 2026-04-04 21:02:30,276 basehttp 24072 31972 "POST /api/notifications/ HTTP/1.1" 201 199
INFO 2026-04-04 21:30:49,975 autoreload 24072 28988 C:\Users\albin\Desktop\aura-backend\aura-notification-service\notifications\models\notification.py changed, reloading.
INFO 2026-04-04 21:30:51,401 autoreload 22568 1088 Watching for file changes with StatReloader
INFO 2026-04-04 21:30:53,643 autoreload 22568 1088 C:\Users\albin\Desktop\aura-backend\aura-notification-service\notifications\models\preference.py changed, reloading.
INFO 2026-04-04 21:30:54,476 autoreload 16548 35736 Watching for file changes with StatReloader
INFO 2026-04-04 21:31:09,209 autoreload 16548 35736 C:\Users\albin\Desktop\aura-backend\aura-notification-service\notifications\migrations\0001_initial.py changed, reloading.
INFO 2026-04-04 21:31:10,131 autoreload 8560 8076 Watching for file changes with StatReloader
WARNING 2026-04-04 21:57:58,710 log 8560 35900 Unauthorized: /api/notifications/
WARNING 2026-04-04 21:57:58,712 basehttp 8560 35900 "POST /api/notifications/ HTTP/1.1" 401 38
WARNING 2026-04-04 21:58:48,526 log 8560 35900 Unauthorized: /api/notifications/
WARNING 2026-04-04 21:58:48,528 basehttp 8560 35900 "POST /api/notifications/ HTTP/1.1" 401 38
WARNING 2026-04-04 21:59:01,625 log 8560 35900 Unauthorized: /api/notifications/
WARNING 2026-04-04 21:59:01,626 basehttp 8560 35900 "POST /api/notifications/ HTTP/1.1" 401 38
INFO 2026-04-06 16:20:50,755 autoreload 31784 5176 Watching for file changes with StatReloader
INFO 2026-04-06 16:21:24,776 autoreload 36856 5164 Watching for file changes with StatReloader
WARNING 2026-04-06 16:21:58,538 log 36856 20432 Not Found: /
WARNING 2026-04-06 16:21:58,538 basehttp 36856 20432 "GET / HTTP/1.1" 404 2824
WARNING 2026-04-06 16:21:59,628 log 36856 20432 Not Found: /favicon.ico
WARNING 2026-04-06 16:21:59,629 basehttp 36856 20432 "GET /favicon.ico HTTP/1.1" 404 2875
INFO 2026-04-06 16:41:42,937 autoreload 36856 5164 C:\Users\albin\Desktop\aura-backend\aura-notification-service\notifications\models\__init__.py changed, reloading.
INFO 2026-04-06 16:41:43,570 autoreload 6952 7140 Watching for file changes with StatReloader
INFO 2026-04-06 16:41:49,129 autoreload 6952 7140 C:\Users\albin\Desktop\aura-backend\aura-notification-service\notifications\models\notification.py changed, reloading.
INFO 2026-04-06 16:41:49,662 autoreload 21960 16516 Watching for file changes with StatReloader
INFO 2026-04-06 16:45:22,801 autoreload 21960 16516 C:\Users\albin\Desktop\aura-backend\aura-notification-service\notifications\admin.py changed, reloading.
INFO 2026-04-06 16:45:23,291 autoreload 29216 21916 Watching for file changes with StatReloader
INFO 2026-04-06 16:55:47,832 autoreload 29216 21916 C:\Users\albin\Desktop\aura-backend\aura-notification-service\notificationservice\settings.py changed, reloading.
INFO 2026-04-06 16:55:48,261 autoreload 12956 11728 Watching for file changes with StatReloader
INFO 2026-04-06 16:56:09,179 autoreload 12956 11728 C:\Users\albin\Desktop\aura-backend\aura-notification-service\notifications\api\views.py changed, reloading.
INFO 2026-04-06 16:56:09,682 autoreload 32508 14984 Watching for file changes with StatReloader
INFO 2026-04-06 16:56:14,298 autoreload 32508 14984 C:\Users\albin\Desktop\aura-backend\aura-notification-service\notifications\api\urls.py changed, reloading.
INFO 2026-04-06 16:56:14,761 autoreload 22728 18016 Watching for file changes with StatReloader
INFO 2026-04-06 16:57:02,273 autoreload 22728 18016 C:\Users\albin\Desktop\aura-backend\aura-notification-service\notifications\api\serializers.py changed, reloading.
INFO 2026-04-06 16:57:02,785 autoreload 9036 30280 Watching for file changes with StatReloader
INFO 2026-04-06 16:57:06,399 autoreload 9036 30280 C:\Users\albin\Desktop\aura-backend\aura-notification-service\notifications\api\views.py changed, reloading.
INFO 2026-04-06 16:57:06,869 autoreload 34444 20548 Watching for file changes with StatReloader
INFO 2026-04-06 17:04:15,468 autoreload 2276 7524 Watching for file changes with StatReloader
INFO 2026-04-06 17:06:28,235 basehttp 2276 10584 "POST /api/internal/notifications/admin-create/ HTTP/1.1" 201 248
INFO 2026-04-06 17:07:31,608 autoreload 2276 7524 C:\Users\albin\Desktop\aura-backend\aura-notification-service\notifications\models\__init__.py changed, reloading.
INFO 2026-04-06 17:07:32,034 autoreload 33296 35216 Watching for file changes with StatReloader
